
2018/12/14 01:23:10 F:/testGo/chatroom/chatroom_server.go:39: 服务启动！

